#
# There is insufficient memory for the Java Runtime Environment to continue.
# Native memory allocation (mmap) failed to map 230686720 bytes. Error detail: G1 virtual space
# Possible reasons:
#   The system is out of physical RAM or swap space
#   This process is running with CompressedOops enabled, and the Java Heap may be blocking the growth of the native heap
# Possible solutions:
#   Reduce memory load on the system
#   Increase physical memory or swap space
#   Check if swap backing store is full
#   Decrease Java heap size (-Xmx/-Xms)
#   Decrease number of Java threads
#   Decrease Java thread stack sizes (-Xss)
#   Set larger code cache with -XX:ReservedCodeCacheSize=
#   JVM is running with Zero Based Compressed Oops mode in which the Java heap is
#     placed in the first 32GB address space. The Java Heap base address is the
#     maximum limit for the native heap growth. Please use -XX:HeapBaseMinAddress
#     to set the Java Heap base and to place the Java Heap above 32GB virtual address.
# This output file may be truncated or incomplete.
#
#  Out of Memory Error (os_windows.cpp:3631), pid=26052, tid=28976
#
# JRE version: OpenJDK Runtime Environment (22.0.1+8) (build 22.0.1+8-16)
# Java VM: OpenJDK 64-Bit Server VM (22.0.1+8-16, mixed mode, emulated-client, sharing, tiered, compressed oops, compressed class ptrs, g1 gc, windows-amd64)
# No core dump will be written. Minidumps are not enabled by default on client versions of Windows
#

---------------  S U M M A R Y ------------

Command Line: -XX:TieredStopAtLevel=1 -Dspring.output.ansi.enabled=always -javaagent:C:\Program Files\JetBrains\IntelliJ IDEA Community Edition 2023.3.4\lib\idea_rt.jar=57251 -Dfile.encoding=UTF-8 -Dsun.stdout.encoding=UTF-8 -Dsun.stderr.encoding=UTF-8 com.rvneto.broker.order.BrokerOrderApplication

Host: 12th Gen Intel(R) Core(TM) i5-12400, 12 cores, 31G,  Windows 11 , 64 bit Build 26100 (10.0.26100.7920)
Time: Mon Mar  9 20:03:58 2026 Hora oficial do Brasil elapsed time: 8.942375 seconds (0d 0h 0m 8s)

---------------  T H R E A D  ---------------

Current thread (0x000001ee6d6786b0):  VMThread "VM Thread"          [id=28976, stack(0x000000c226e00000,0x000000c226f00000) (1024K)]

Stack: [0x000000c226e00000,0x000000c226f00000]
Native frames: (J=compiled Java code, j=interpreted, Vv=VM code, C=native code)
V  [jvm.dll+0x6e2279]  (no source info available)
V  [jvm.dll+0x874e33]  (no source info available)
V  [jvm.dll+0x87725e]  (no source info available)
V  [jvm.dll+0x877933]  (no source info available)
V  [jvm.dll+0x27fd76]  (no source info available)
V  [jvm.dll+0x6de915]  (no source info available)
V  [jvm.dll+0x6d341a]  (no source info available)
V  [jvm.dll+0x3589da]  (no source info available)
V  [jvm.dll+0x360f06]  (no source info available)
V  [jvm.dll+0x3b3e2e]  (no source info available)
V  [jvm.dll+0x3b40d8]  (no source info available)
V  [jvm.dll+0x32c59c]  (no source info available)
V  [jvm.dll+0x32c627]  (no source info available)
V  [jvm.dll+0x37229c]  (no source info available)
V  [jvm.dll+0x370996]  (no source info available)
V  [jvm.dll+0x32bc87]  (no source info available)
V  [jvm.dll+0x370154]  (no source info available)
V  [jvm.dll+0x87d7d0]  (no source info available)
V  [jvm.dll+0x87eb57]  (no source info available)
V  [jvm.dll+0x87f0d0]  (no source info available)
V  [jvm.dll+0x87f373]  (no source info available)
V  [jvm.dll+0x81d44b]  (no source info available)
V  [jvm.dll+0x6e0915]  (no source info available)
C  [ucrtbase.dll+0x37b0]  (no source info available)
C  [KERNEL32.DLL+0x2e8d7]  (no source info available)
C  [ntdll.dll+0x8c48c]  (no source info available)

VM_Operation (0x000000c2267fd470): G1CollectForAllocation, mode: safepoint, requested by thread 0x000001ee55d90260


---------------  P R O C E S S  ---------------

Threads class SMR info:
_java_thread_list=0x000001ee46184470, length=20, elements={
0x000001ee55d90260, 0x000001ee6d695610, 0x000001ee6d696d90, 0x000001ee6d69d140,
0x000001ee6d69ee30, 0x000001ee6d6a18e0, 0x000001ee6d6aa480, 0x000001ee6d6b3f70,
0x000001ee410808a0, 0x000001ee4115ddd0, 0x000001ee4115d700, 0x000001ee417aac90,
0x000001ee417ab300, 0x000001ee4115f240, 0x000001ee41187020, 0x000001ee4741b840,
0x000001ee4741beb0, 0x000001ee47444df0, 0x000001ee476ce8f0, 0x000001ee47765710
}

Java Threads: ( => current thread )
  0x000001ee55d90260 JavaThread "main"                              [_thread_blocked, id=28768, stack(0x000000c226700000,0x000000c226800000) (1024K)]
  0x000001ee6d695610 JavaThread "Reference Handler"          daemon [_thread_blocked, id=29020, stack(0x000000c226f00000,0x000000c227000000) (1024K)]
  0x000001ee6d696d90 JavaThread "Finalizer"                  daemon [_thread_blocked, id=29404, stack(0x000000c227000000,0x000000c227100000) (1024K)]
  0x000001ee6d69d140 JavaThread "Signal Dispatcher"          daemon [_thread_blocked, id=29192, stack(0x000000c227100000,0x000000c227200000) (1024K)]
  0x000001ee6d69ee30 JavaThread "Attach Listener"            daemon [_thread_blocked, id=28828, stack(0x000000c227200000,0x000000c227300000) (1024K)]
  0x000001ee6d6a18e0 JavaThread "Service Thread"             daemon [_thread_blocked, id=16528, stack(0x000000c227300000,0x000000c227400000) (1024K)]
  0x000001ee6d6aa480 JavaThread "Monitor Deflation Thread"   daemon [_thread_blocked, id=1732, stack(0x000000c227400000,0x000000c227500000) (1024K)]
  0x000001ee6d6b3f70 JavaThread "C1 CompilerThread0"         daemon [_thread_blocked, id=28956, stack(0x000000c227500000,0x000000c227600000) (1024K)]
  0x000001ee410808a0 JavaThread "Common-Cleaner"             daemon [_thread_blocked, id=7320, stack(0x000000c227600000,0x000000c227700000) (1024K)]
  0x000001ee4115ddd0 JavaThread "C1 CompilerThread1"         daemon [_thread_blocked, id=25984, stack(0x000000c227700000,0x000000c227800000) (1024K)]
  0x000001ee4115d700 JavaThread "C1 CompilerThread2"         daemon [_thread_blocked, id=24644, stack(0x000000c227800000,0x000000c227900000) (1024K)]
  0x000001ee417aac90 JavaThread "Monitor Ctrl-Break"         daemon [_thread_in_native, id=14732, stack(0x000000c227900000,0x000000c227a00000) (1024K)]
  0x000001ee417ab300 JavaThread "Notification Thread"        daemon [_thread_blocked, id=27788, stack(0x000000c227a00000,0x000000c227b00000) (1024K)]
  0x000001ee4115f240 JavaThread "C1 CompilerThread3"         daemon [_thread_blocked, id=26472, stack(0x000000c228600000,0x000000c228700000) (1024K)]
  0x000001ee41187020 JavaThread "Catalina-utility-1"                [_thread_blocked, id=29396, stack(0x000000c228400000,0x000000c228500000) (1024K)]
  0x000001ee4741b840 JavaThread "Catalina-utility-2"                [_thread_blocked, id=29472, stack(0x000000c228800000,0x000000c228900000) (1024K)]
  0x000001ee4741beb0 JavaThread "container-0"                       [_thread_blocked, id=28092, stack(0x000000c228900000,0x000000c228a00000) (1024K)]
  0x000001ee47444df0 JavaThread "mysql-cj-abandoned-connection-cleanup" daemon [_thread_blocked, id=29060, stack(0x000000c228a00000,0x000000c228b00000) (1024K)]
  0x000001ee476ce8f0 JavaThread "HikariPool-1 housekeeper"   daemon [_thread_blocked, id=25500, stack(0x000000c228c00000,0x000000c228d00000) (1024K)]
  0x000001ee47765710 JavaThread "HikariPool-1 connection adder" daemon [_thread_blocked, id=13596, stack(0x000000c228d00000,0x000000c228e00000) (1024K)]
Total: 20

Other Threads:
=>0x000001ee6d6786b0 VMThread "VM Thread"                           [id=28976, stack(0x000000c226e00000,0x000000c226f00000) (1024K)]
  0x000001ee6d660460 WatcherThread "VM Periodic Task Thread"        [id=29016, stack(0x000000c226d00000,0x000000c226e00000) (1024K)]
  0x000001ee6d50f890 WorkerThread "GC Thread#0"                     [id=19600, stack(0x000000c226800000,0x000000c226900000) (1024K)]
  0x000001ee41c61750 WorkerThread "GC Thread#1"                     [id=26976, stack(0x000000c227b00000,0x000000c227c00000) (1024K)]
  0x000001ee41c61b00 WorkerThread "GC Thread#2"                     [id=27664, stack(0x000000c227c00000,0x000000c227d00000) (1024K)]
  0x000001ee41c61eb0 WorkerThread "GC Thread#3"                     [id=28380, stack(0x000000c227d00000,0x000000c227e00000) (1024K)]
  0x000001ee41c21000 WorkerThread "GC Thread#4"                     [id=27568, stack(0x000000c227e00000,0x000000c227f00000) (1024K)]
  0x000001ee41caf180 WorkerThread "GC Thread#5"                     [id=28136, stack(0x000000c227f00000,0x000000c228000000) (1024K)]
  0x000001ee41caf940 WorkerThread "GC Thread#6"                     [id=24968, stack(0x000000c228000000,0x000000c228100000) (1024K)]
  0x000001ee41c213b0 WorkerThread "GC Thread#7"                     [id=28024, stack(0x000000c228100000,0x000000c228200000) (1024K)]
  0x000001ee41c21760 WorkerThread "GC Thread#8"                     [id=19144, stack(0x000000c228200000,0x000000c228300000) (1024K)]
  0x000001ee41c21b10 WorkerThread "GC Thread#9"                     [id=22892, stack(0x000000c228300000,0x000000c228400000) (1024K)]
  0x000001ee6d510800 ConcurrentGCThread "G1 Main Marker"            [id=20064, stack(0x000000c226900000,0x000000c226a00000) (1024K)]
  0x000001ee561e66c0 WorkerThread "G1 Conc#0"                       [id=28656, stack(0x000000c226a00000,0x000000c226b00000) (1024K)]
  0x000001ee468b35b0 WorkerThread "G1 Conc#1"                       [id=29548, stack(0x000000c228500000,0x000000c228600000) (1024K)]
  0x000001ee46718280 WorkerThread "G1 Conc#2"                       [id=28332, stack(0x000000c228700000,0x000000c228800000) (1024K)]
  0x000001ee6d5b34e0 ConcurrentGCThread "G1 Refine#0"               [id=28700, stack(0x000000c226b00000,0x000000c226c00000) (1024K)]
  0x000001ee6d5b5d20 ConcurrentGCThread "G1 Service"                [id=29232, stack(0x000000c226c00000,0x000000c226d00000) (1024K)]
Total: 18

Threads with active compile tasks:
C1 CompilerThread0  11802 5851   !   1       org.springframework.beans.factory.support.DefaultListableBeanFactory::doResolveDependency (563 bytes)
C1 CompilerThread2  11803 5856       1       java.lang.invoke.InvokerBytecodeGenerator::emitIconstInsn (9 bytes)
Total: 2

VM state: at safepoint (normal execution)

VM Mutex/Monitor currently owned by a thread:  ([mutex/lock_event])
[0x00007ff8b61cbbb8] Threads_lock - owner thread: 0x000001ee6d6786b0
[0x00007ff8b61cbcb8] Heap_lock - owner thread: 0x000001ee55d90260

Heap address: 0x0000000604000000, size: 8128 MB, Compressed Oops mode: Zero based, Oop shift amount: 3

CDS archive(s) mapped at: [0x000001ee00000000-0x000001ee00c50000-0x000001ee00c50000), size 12910592, SharedBaseAddress: 0x000001ee00000000, ArchiveRelocationMode: 1.
Compressed class space mapped at: 0x000001ee01000000-0x000001ee41000000, reserved size: 1073741824
Narrow klass base: 0x000001ee00000000, Narrow klass shift: 0, Narrow klass range: 0x41000000

GC Precious Log:
 CardTable entry size: 512
 Card Set container configuration: InlinePtr #cards 4 size 8 Array Of Cards #cards 32 size 80 Howl #buckets 8 coarsen threshold 7372 Howl Bitmap #cards 1024 size 144 coarsen threshold 921 Card regions per heap region 1 cards per card region 8192
 CPUs: 12 total, 12 available
 Memory: 32509M
 Large Page Support: Disabled
 NUMA Support: Disabled
 Compressed Oops: Enabled (Zero based)
 Heap Region Size: 4M
 Heap Min Capacity: 8M
 Heap Initial Capacity: 508M
 Heap Max Capacity: 8128M
 Pre-touch: Disabled
 Parallel Workers: 10
 Concurrent Workers: 3
 Concurrent Refinement Workers: 10
 Periodic GC: Disabled

Heap:
 garbage-first heap   total reserved 8323072K, committed 69632K, used 37886K [0x0000000604000000, 0x0000000800000000)
  region size 4096K, 1 young (4096K), 1 survivors (4096K)
 Metaspace       used 71543K, committed 72384K, reserved 1114112K
  class space    used 10328K, committed 10688K, reserved 1048576K

Heap Regions: E=young(eden), S=young(survivor), O=old, HS=humongous(starts), HC=humongous(continues), CS=collection set, F=free, TAMS=top-at-mark-start, PB=parsable bottom
|   0|0x0000000604000000, 0x0000000604400000, 0x0000000604400000|100%| O|  |TAMS 0x0000000604400000| PB 0x0000000604000000| Untracked |  0
|   1|0x0000000604400000, 0x0000000604800000, 0x0000000604800000|100%| O|  |TAMS 0x0000000604800000| PB 0x0000000604400000| Untracked |  0
|   2|0x0000000604800000, 0x0000000604c00000, 0x0000000604c00000|100%| O|  |TAMS 0x0000000604c00000| PB 0x0000000604800000| Untracked |  0
|   3|0x0000000604c00000, 0x0000000605000000, 0x0000000605000000|100%| O|  |TAMS 0x0000000605000000| PB 0x0000000604c00000| Untracked |  0
|   4|0x0000000605000000, 0x0000000605400000, 0x0000000605400000|100%| O|  |TAMS 0x0000000605400000| PB 0x0000000605000000| Untracked |  0
|   5|0x0000000605400000, 0x0000000605800000, 0x0000000605800000|100%| O|  |TAMS 0x0000000605735338| PB 0x0000000605400000| Untracked |  0
|   6|0x0000000605800000, 0x0000000605c00000, 0x0000000605c00000|100%| O|  |TAMS 0x0000000605c00000| PB 0x0000000605800000| Untracked |  0
|   7|0x0000000605c00000, 0x0000000606000000, 0x0000000606000000|100%| O|  |TAMS 0x0000000606000000| PB 0x0000000605c00000| Untracked |  0
|   8|0x0000000606000000, 0x000000060623ba40, 0x0000000606400000| 55%| O|  |TAMS 0x0000000606000000| PB 0x0000000606000000| Untracked |  0
|   9|0x0000000606400000, 0x0000000606400000, 0x0000000606800000|  0%| F|  |TAMS 0x0000000606400000| PB 0x0000000606400000| Untracked |  0
|  10|0x0000000606800000, 0x0000000606ac3f10, 0x0000000606c00000| 69%| S|CS|TAMS 0x0000000606800000| PB 0x0000000606800000| Complete |  0
|  11|0x0000000606c00000, 0x0000000606c00000, 0x0000000607000000|  0%| F|  |TAMS 0x0000000606c00000| PB 0x0000000606c00000| Untracked |  0
|  12|0x0000000607000000, 0x0000000607000000, 0x0000000607400000|  0%| F|  |TAMS 0x0000000607000000| PB 0x0000000607000000| Untracked |  0
|  13|0x0000000607400000, 0x0000000607400000, 0x0000000607800000|  0%| F|  |TAMS 0x0000000607400000| PB 0x0000000607400000| Untracked |  0
| 109|0x000000061f400000, 0x000000061f400000, 0x000000061f800000|  0%| F|  |TAMS 0x000000061f400000| PB 0x000000061f400000| Untracked |  0
| 110|0x000000061f800000, 0x000000061f800000, 0x000000061fc00000|  0%| F|  |TAMS 0x000000061f800000| PB 0x000000061f800000| Untracked |  0
| 126|0x0000000623800000, 0x0000000623800000, 0x0000000623c00000|  0%| F|  |TAMS 0x0000000623800000| PB 0x0000000623800000| Untracked |  0

Card table byte_map: [0x000001ee64560000,0x000001ee65540000] _byte_map_base: 0x000001ee61540000

Marking Bits: (CMBitMap*) 0x000001ee6d50feb0
 Bits: [0x000001ee65540000, 0x000001ee6d440000)

Polling page: 0x000001ee55e70000

Metaspace:

Usage:
  Non-class:     59.78 MB used.
      Class:     10.09 MB used.
       Both:     69.87 MB used.

Virtual space:
  Non-class space:       64.00 MB reserved,      60.25 MB ( 94%) committed,  1 nodes.
      Class space:        1.00 GB reserved,      10.44 MB (  1%) committed,  1 nodes.
             Both:        1.06 GB reserved,      70.69 MB (  6%) committed. 

Chunk freelists:
   Non-Class:  3.16 MB
       Class:  5.48 MB
        Both:  8.64 MB

MaxMetaspaceSize: unlimited
CompressedClassSpaceSize: 1.00 GB
Initial GC threshold: 21.00 MB
Current GC threshold: 98.56 MB
CDS: on
 - commit_granule_bytes: 65536.
 - commit_granule_words: 8192.
 - virtual_space_node_default_size: 8388608.
 - enlarge_chunks_in_place: 1.
 - use_allocation_guard: 0.


Internal statistics:

num_allocs_failed_limit: 9.
num_arena_births: 1202.
num_arena_deaths: 0.
num_vsnodes_births: 2.
num_vsnodes_deaths: 0.
num_space_committed: 1131.
num_space_uncommitted: 0.
num_chunks_returned_to_freelist: 9.
num_chunks_taken_from_freelist: 3835.
num_chunk_merges: 9.
num_chunk_splits: 2738.
num_chunks_enlarged: 2091.
num_inconsistent_stats: 0.

CodeCache: size=49152Kb used=12202Kb max_used=12202Kb free=36949Kb
 bounds [0x000001ee5fad0000, 0x000001ee606c0000, 0x000001ee62ad0000]
 total_blobs=6514 nmethods=5781 adapters=654
 compilation: enabled
              stopped_count=0, restarted_count=0
 full_count=0

Compilation events (20 events):
Event: 6.903 Thread 0x000001ee4115d700 nmethod 5845 0x000001ee606b4d90 code [0x000001ee606b5000, 0x000001ee606b5a80]
Event: 6.905 Thread 0x000001ee4115f240 5846       1       java.lang.invoke.InvokerBytecodeGenerator::emitIconstInsn (75 bytes)
Event: 6.905 Thread 0x000001ee4115f240 nmethod 5846 0x000001ee606b5e10 code [0x000001ee606b6000, 0x000001ee606b62e0]
Event: 6.907 Thread 0x000001ee4115f240 5847       1       org.springframework.beans.factory.support.DefaultListableBeanFactory::resolveDependency (121 bytes)
Event: 6.907 Thread 0x000001ee6d6b3f70 5848       1       org.springframework.beans.factory.config.DependencyDescriptor::initParameterNameDiscovery (16 bytes)
Event: 6.907 Thread 0x000001ee6d6b3f70 nmethod 5848 0x000001ee606b6410 code [0x000001ee606b65a0, 0x000001ee606b66d8]
Event: 6.907 Thread 0x000001ee4115f240 nmethod 5847 0x000001ee606b6790 code [0x000001ee606b69e0, 0x000001ee606b6fa8]
Event: 6.909 Thread 0x000001ee4115f240 5849       1       org.springframework.beans.factory.InjectionPoint::<init> (16 bytes)
Event: 6.910 Thread 0x000001ee4115f240 nmethod 5849 0x000001ee606b7290 code [0x000001ee606b7440, 0x000001ee606b7618]
Event: 6.910 Thread 0x000001ee4115f240 5850       1       java.lang.invoke.InvokerBytecodeGenerator::emitConst (333 bytes)
Event: 6.911 Thread 0x000001ee4115f240 nmethod 5850 0x000001ee606b7710 code [0x000001ee606b7a20, 0x000001ee606b84d0]
Event: 6.911 Thread 0x000001ee6d6b3f70 5851   !   1       org.springframework.beans.factory.support.DefaultListableBeanFactory::doResolveDependency (563 bytes)
Event: 6.911 Thread 0x000001ee4115d700 5852       1       org.springframework.beans.factory.annotation.QualifierAnnotationAutowireCandidateResolver::getSuggestedValue (33 bytes)
Event: 6.911 Thread 0x000001ee4115ddd0 5854       1       org.springframework.beans.factory.config.DependencyDescriptor::<init> (74 bytes)
Event: 6.911 Thread 0x000001ee4115f240 5853       1       org.springframework.beans.factory.config.DependencyDescriptor::<init> (8 bytes)
Event: 6.912 Thread 0x000001ee4115f240 nmethod 5853 0x000001ee606b8890 code [0x000001ee606b8a20, 0x000001ee606b8b08]
Event: 6.912 Thread 0x000001ee4115ddd0 nmethod 5854 0x000001ee606b8e90 code [0x000001ee606b90a0, 0x000001ee606b9570]
Event: 6.912 Thread 0x000001ee4115d700 nmethod 5852 0x000001ee606b9790 code [0x000001ee606b9a60, 0x000001ee606ba238]
Event: 6.912 Thread 0x000001ee4115d700 5856       1       java.lang.invoke.InvokerBytecodeGenerator::emitIconstInsn (9 bytes)
Event: 6.912 Thread 0x000001ee4115d700 nmethod 5856 0x000001ee606ba710 code [0x000001ee606ba8a0, 0x000001ee606ba988]

GC Heap History (20 events):
Event: 1.782 GC heap after
{Heap after GC invocations=5 (full 0):
 garbage-first heap   total reserved 8323072K, committed 69632K, used 18027K [0x0000000604000000, 0x0000000800000000)
  region size 4096K, 1 young (4096K), 1 survivors (4096K)
 Metaspace       used 24487K, committed 24832K, reserved 1114112K
  class space    used 3396K, committed 3520K, reserved 1048576K
}
Event: 2.477 GC heap before
{Heap before GC invocations=5 (full 0):
 garbage-first heap   total reserved 8323072K, committed 69632K, used 46699K [0x0000000604000000, 0x0000000800000000)
  region size 4096K, 8 young (32768K), 1 survivors (4096K)
 Metaspace       used 28395K, committed 28928K, reserved 1114112K
  class space    used 3979K, committed 4224K, reserved 1048576K
}
Event: 2.481 GC heap after
{Heap after GC invocations=6 (full 0):
 garbage-first heap   total reserved 8323072K, committed 69632K, used 20624K [0x0000000604000000, 0x0000000800000000)
  region size 4096K, 1 young (4096K), 1 survivors (4096K)
 Metaspace       used 28395K, committed 28928K, reserved 1114112K
  class space    used 3979K, committed 4224K, reserved 1048576K
}
Event: 2.938 GC heap before
{Heap before GC invocations=6 (full 0):
 garbage-first heap   total reserved 8323072K, committed 69632K, used 45200K [0x0000000604000000, 0x0000000800000000)
  region size 4096K, 8 young (32768K), 1 survivors (4096K)
 Metaspace       used 32815K, committed 33280K, reserved 1114112K
  class space    used 4605K, committed 4800K, reserved 1048576K
}
Event: 2.943 GC heap after
{Heap after GC invocations=7 (full 0):
 garbage-first heap   total reserved 8323072K, committed 69632K, used 22880K [0x0000000604000000, 0x0000000800000000)
  region size 4096K, 1 young (4096K), 1 survivors (4096K)
 Metaspace       used 32815K, committed 33280K, reserved 1114112K
  class space    used 4605K, committed 4800K, reserved 1048576K
}
Event: 3.152 GC heap before
{Heap before GC invocations=7 (full 0):
 garbage-first heap   total reserved 8323072K, committed 69632K, used 35168K [0x0000000604000000, 0x0000000800000000)
  region size 4096K, 5 young (20480K), 1 survivors (4096K)
 Metaspace       used 35623K, committed 36096K, reserved 1114112K
  class space    used 4971K, committed 5184K, reserved 1048576K
}
Event: 3.155 GC heap after
{Heap after GC invocations=8 (full 0):
 garbage-first heap   total reserved 8323072K, committed 69632K, used 24198K [0x0000000604000000, 0x0000000800000000)
  region size 4096K, 1 young (4096K), 1 survivors (4096K)
 Metaspace       used 35623K, committed 36096K, reserved 1114112K
  class space    used 4971K, committed 5184K, reserved 1048576K
}
Event: 3.984 GC heap before
{Heap before GC invocations=9 (full 0):
 garbage-first heap   total reserved 8323072K, committed 69632K, used 52870K [0x0000000604000000, 0x0000000800000000)
  region size 4096K, 8 young (32768K), 1 survivors (4096K)
 Metaspace       used 42226K, committed 42880K, reserved 1114112K
  class space    used 5872K, committed 6144K, reserved 1048576K
}
Event: 3.987 GC heap after
{Heap after GC invocations=10 (full 0):
 garbage-first heap   total reserved 8323072K, committed 69632K, used 26720K [0x0000000604000000, 0x0000000800000000)
  region size 4096K, 1 young (4096K), 1 survivors (4096K)
 Metaspace       used 42226K, committed 42880K, reserved 1114112K
  class space    used 5872K, committed 6144K, reserved 1048576K
}
Event: 4.505 GC heap before
{Heap before GC invocations=10 (full 0):
 garbage-first heap   total reserved 8323072K, committed 69632K, used 55392K [0x0000000604000000, 0x0000000800000000)
  region size 4096K, 8 young (32768K), 1 survivors (4096K)
 Metaspace       used 48762K, committed 49408K, reserved 1114112K
  class space    used 6948K, committed 7232K, reserved 1048576K
}
Event: 4.510 GC heap after
{Heap after GC invocations=11 (full 0):
 garbage-first heap   total reserved 8323072K, committed 69632K, used 27479K [0x0000000604000000, 0x0000000800000000)
  region size 4096K, 1 young (4096K), 1 survivors (4096K)
 Metaspace       used 48762K, committed 49408K, reserved 1114112K
  class space    used 6948K, committed 7232K, reserved 1048576K
}
Event: 5.268 GC heap before
{Heap before GC invocations=11 (full 0):
 garbage-first heap   total reserved 8323072K, committed 69632K, used 52055K [0x0000000604000000, 0x0000000800000000)
  region size 4096K, 8 young (32768K), 1 survivors (4096K)
 Metaspace       used 56305K, committed 56896K, reserved 1114112K
  class space    used 8131K, committed 8384K, reserved 1048576K
}
Event: 5.271 GC heap after
{Heap after GC invocations=12 (full 0):
 garbage-first heap   total reserved 8323072K, committed 69632K, used 28584K [0x0000000604000000, 0x0000000800000000)
  region size 4096K, 1 young (4096K), 1 survivors (4096K)
 Metaspace       used 56305K, committed 56896K, reserved 1114112K
  class space    used 8131K, committed 8384K, reserved 1048576K
}
Event: 5.655 GC heap before
{Heap before GC invocations=12 (full 0):
 garbage-first heap   total reserved 8323072K, committed 69632K, used 40872K [0x0000000604000000, 0x0000000800000000)
  region size 4096K, 5 young (20480K), 1 survivors (4096K)
 Metaspace       used 59870K, committed 60480K, reserved 1114112K
  class space    used 8701K, committed 8960K, reserved 1048576K
}
Event: 5.658 GC heap after
{Heap after GC invocations=13 (full 0):
 garbage-first heap   total reserved 8323072K, committed 69632K, used 29168K [0x0000000604000000, 0x0000000800000000)
  region size 4096K, 1 young (4096K), 1 survivors (4096K)
 Metaspace       used 59870K, committed 60480K, reserved 1114112K
  class space    used 8701K, committed 8960K, reserved 1048576K
}
Event: 6.282 GC heap before
{Heap before GC invocations=14 (full 0):
 garbage-first heap   total reserved 8323072K, committed 69632K, used 57840K [0x0000000604000000, 0x0000000800000000)
  region size 4096K, 8 young (32768K), 1 survivors (4096K)
 Metaspace       used 63704K, committed 64448K, reserved 1114112K
  class space    used 9271K, committed 9600K, reserved 1048576K
}
Event: 6.285 GC heap after
{Heap after GC invocations=15 (full 0):
 garbage-first heap   total reserved 8323072K, committed 69632K, used 31809K [0x0000000604000000, 0x0000000800000000)
  region size 4096K, 1 young (4096K), 1 survivors (4096K)
 Metaspace       used 63704K, committed 64448K, reserved 1114112K
  class space    used 9271K, committed 9600K, reserved 1048576K
}
Event: 6.629 GC heap before
{Heap before GC invocations=15 (full 0):
 garbage-first heap   total reserved 8323072K, committed 69632K, used 56385K [0x0000000604000000, 0x0000000800000000)
  region size 4096K, 8 young (32768K), 1 survivors (4096K)
 Metaspace       used 69161K, committed 69952K, reserved 1114112K
  class space    used 9964K, committed 10304K, reserved 1048576K
}
Event: 6.633 GC heap after
{Heap after GC invocations=16 (full 0):
 garbage-first heap   total reserved 8323072K, committed 69632K, used 34994K [0x0000000604000000, 0x0000000800000000)
  region size 4096K, 1 young (4096K), 1 survivors (4096K)
 Metaspace       used 69161K, committed 69952K, reserved 1114112K
  class space    used 9964K, committed 10304K, reserved 1048576K
}
Event: 6.912 GC heap before
{Heap before GC invocations=16 (full 0):
 garbage-first heap   total reserved 8323072K, committed 69632K, used 59570K [0x0000000604000000, 0x0000000800000000)
  region size 4096K, 7 young (28672K), 1 survivors (4096K)
 Metaspace       used 71543K, committed 72384K, reserved 1114112K
  class space    used 10328K, committed 10688K, reserved 1048576K
}

Dll operation events (12 events):
Event: 0.014 Loaded shared library C:\Users\rvnet\.jdks\openjdk-22.0.1\bin\java.dll
Event: 0.113 Loaded shared library C:\Users\rvnet\.jdks\openjdk-22.0.1\bin\zip.dll
Event: 0.116 Loaded shared library C:\Users\rvnet\.jdks\openjdk-22.0.1\bin\instrument.dll
Event: 0.119 Loaded shared library C:\Users\rvnet\.jdks\openjdk-22.0.1\bin\net.dll
Event: 0.120 Loaded shared library C:\Users\rvnet\.jdks\openjdk-22.0.1\bin\nio.dll
Event: 0.124 Loaded shared library C:\Users\rvnet\.jdks\openjdk-22.0.1\bin\zip.dll
Event: 0.279 Loaded shared library C:\Users\rvnet\.jdks\openjdk-22.0.1\bin\extnet.dll
Event: 0.313 Loaded shared library C:\Users\rvnet\.jdks\openjdk-22.0.1\bin\jimage.dll
Event: 1.430 Loaded shared library C:\Users\rvnet\.jdks\openjdk-22.0.1\bin\sunmscapi.dll
Event: 2.790 Loaded shared library C:\Users\rvnet\.jdks\openjdk-22.0.1\bin\management.dll
Event: 2.793 Loaded shared library C:\Users\rvnet\.jdks\openjdk-22.0.1\bin\management_ext.dll
Event: 4.040 Loaded shared library C:\Users\rvnet\.jdks\openjdk-22.0.1\bin\verify.dll

Deoptimization events (6 events):
Event: 1.553 Thread 0x000001ee55d90260 DEOPT PACKING pc=0x000001ee5ff5b8bc sp=0x000000c2267fe9c0
Event: 1.553 Thread 0x000001ee55d90260 DEOPT UNPACKING pc=0x000001ee5fb24e42 sp=0x000000c2267fde88 mode 0
Event: 5.762 Thread 0x000001ee55d90260 DEOPT PACKING pc=0x000001ee60089b69 sp=0x000000c2267fc2c0
Event: 5.762 Thread 0x000001ee55d90260 DEOPT UNPACKING pc=0x000001ee5fb24e42 sp=0x000000c2267fb7c8 mode 3
Event: 5.912 Thread 0x000001ee55d90260 DEOPT PACKING pc=0x000001ee6000dfbc sp=0x000000c2267fc930
Event: 5.913 Thread 0x000001ee55d90260 DEOPT UNPACKING pc=0x000001ee5fb24e42 sp=0x000000c2267fbe88 mode 0

Classes loaded (20 events):
Event: 6.551 Loading class java/util/concurrent/Semaphore
Event: 6.551 Loading class java/util/concurrent/Semaphore done
Event: 6.611 Loading class java/lang/invoke/MethodHandleImpl$CountingWrapper$1
Event: 6.612 Loading class java/lang/invoke/MethodHandleImpl$CountingWrapper$1 done
Event: 6.618 Loading class sun/reflect/ReflectionFactory
Event: 6.618 Loading class sun/reflect/ReflectionFactory done
Event: 6.618 Loading class sun/reflect/ReflectionFactory$1
Event: 6.618 Loading class sun/reflect/ReflectionFactory$1 done
Event: 6.618 Loading class java/io/OptionalDataException
Event: 6.618 Loading class java/io/OptionalDataException done
Event: 6.710 Loading class java/util/Comparators$NullComparator
Event: 6.710 Loading class java/util/Comparators$NullComparator done
Event: 6.718 Loading class sun/reflect/annotation/TypeAnnotation$TypeAnnotationTargetInfo
Event: 6.718 Loading class sun/reflect/annotation/TypeAnnotation$TypeAnnotationTargetInfo done
Event: 6.766 Loading class java/util/EnumMap$EntrySet
Event: 6.767 Loading class java/util/EnumMap$EntrySet done
Event: 6.767 Loading class java/util/EnumMap$EntryIterator
Event: 6.767 Loading class java/util/EnumMap$EnumMapIterator
Event: 6.767 Loading class java/util/EnumMap$EnumMapIterator done
Event: 6.767 Loading class java/util/EnumMap$EntryIterator done

Classes unloaded (0 events):
No events

Classes redefined (0 events):
No events

Internal exceptions (20 events):
Event: 5.761 Thread 0x000001ee55d90260 Exception <a 'java/lang/IncompatibleClassChangeError'{0x000000061f941360}: Found class java.lang.Object, but interface was expected> (0x000000061f941360) 
thrown [s\open\src\hotspot\share\interpreter\linkResolver.cpp, line 841]
Event: 5.772 Thread 0x000001ee55d90260 Exception <a 'java/lang/IncompatibleClassChangeError'{0x000000061fa0d030}: Found class java.lang.Object, but interface was expected> (0x000000061fa0d030) 
thrown [s\open\src\hotspot\share\interpreter\linkResolver.cpp, line 841]
Event: 5.803 Thread 0x000001ee55d90260 Exception <a 'java/lang/IncompatibleClassChangeError'{0x000000061fbbdd38}: Found class java.lang.Object, but interface was expected> (0x000000061fbbdd38) 
thrown [s\open\src\hotspot\share\interpreter\linkResolver.cpp, line 841]
Event: 5.977 Thread 0x000001ee55d90260 Exception <a 'java/lang/IncompatibleClassChangeError'{0x0000000607674068}: Found class java.lang.Object, but interface was expected> (0x0000000607674068) 
thrown [s\open\src\hotspot\share\interpreter\linkResolver.cpp, line 841]
Event: 6.108 Thread 0x000001ee55d90260 Exception <a 'java/lang/IncompatibleClassChangeError'{0x0000000606d72a28}: Found class java.lang.Object, but interface was expected> (0x0000000606d72a28) 
thrown [s\open\src\hotspot\share\interpreter\linkResolver.cpp, line 841]
Event: 6.153 Thread 0x000001ee55d90260 Exception <a 'java/lang/NoSuchMethodError'{0x0000000606f32be8}: 'java.lang.Object java.lang.invoke.DirectMethodHandle$Holder.invokeStatic(java.lang.Object, int, java.lang.Object)'> (0x0000000606f32be8) 
thrown [s\open\src\hotspot\share\interpreter\linkResolver.cpp, line 774]
Event: 6.250 Thread 0x000001ee55d90260 Exception <a 'java/lang/NoSuchMethodError'{0x0000000606477840}: 'java.lang.Object java.lang.invoke.DirectMethodHandle$Holder.newInvokeSpecial(java.lang.Object, java.lang.Object, int, java.lang.Object, java.lang.Object)'> (0x0000000606477840) 
thrown [s\open\src\hotspot\share\interpreter\linkResolver.cpp, line 774]
Event: 6.267 Thread 0x000001ee55d90260 Exception <a 'java/lang/NoSuchMethodError'{0x0000000606541420}: 'java.lang.Object java.lang.invoke.DirectMethodHandle$Holder.newInvokeSpecial(java.lang.Object, java.lang.Object, java.lang.Object, java.lang.Object, java.lang.Object, java.lang.Object, java.lang.Object, java.lang.Object)'> (0x0000000606541420) 
thrown [s\open\src\hotspot\share\interpreter\linkResolver.cpp, line 774]
Event: 6.349 Thread 0x000001ee55d90260 Exception <a 'java/lang/NoSuchMethodError'{0x000000061fa39e68}: 'java.lang.Object java.lang.invoke.DirectMethodHandle$Holder.invokeVirtual(java.lang.Object, java.lang.Object, java.lang.Object, java.lang.Object, java.lang.Object, java.lang.Object, java.lang.Object)'> (0x000000061fa39e68) 
thrown [s\open\src\hotspot\share\interpreter\linkResolver.cpp, line 774]
Event: 6.375 Thread 0x000001ee55d90260 Exception <a 'java/lang/NoSuchMethodError'{0x000000061f4b4b58}: 'void java.lang.invoke.DirectMethodHandle$Holder.invokeStatic(java.lang.Object, java.lang.Object, java.lang.Object, int)'> (0x000000061f4b4b58) 
thrown [s\open\src\hotspot\share\interpreter\linkResolver.cpp, line 774]
Event: 6.385 Thread 0x000001ee55d90260 Exception <a 'java/lang/IncompatibleClassChangeError'{0x000000061f574360}: Found class java.lang.Object, but interface was expected> (0x000000061f574360) 
thrown [s\open\src\hotspot\share\interpreter\linkResolver.cpp, line 841]
Event: 6.451 Thread 0x000001ee55d90260 Exception <a 'sun/nio/fs/WindowsException'{0x00000006075de760}> (0x00000006075de760) 
thrown [s\open\src\hotspot\share\prims\jni.cpp, line 520]
Event: 6.533 Thread 0x000001ee55d90260 Exception <a 'java/lang/IncompatibleClassChangeError'{0x0000000606d482c8}: Found class java.lang.Object, but interface was expected> (0x0000000606d482c8) 
thrown [s\open\src\hotspot\share\interpreter\linkResolver.cpp, line 841]
Event: 6.533 Thread 0x000001ee55d90260 Exception <a 'java/lang/IncompatibleClassChangeError'{0x0000000606d4dd40}: Found class java.lang.Object, but interface was expected> (0x0000000606d4dd40) 
thrown [s\open\src\hotspot\share\interpreter\linkResolver.cpp, line 841]
Event: 6.533 Thread 0x000001ee55d90260 Exception <a 'java/lang/IncompatibleClassChangeError'{0x0000000606d53418}: Found class java.lang.Object, but interface was expected> (0x0000000606d53418) 
thrown [s\open\src\hotspot\share\interpreter\linkResolver.cpp, line 841]
Event: 6.550 Thread 0x000001ee55d90260 Exception <a 'java/lang/NoSuchMethodError'{0x0000000606e38f30}: 'void java.lang.invoke.DirectMethodHandle$Holder.invokeVirtual(java.lang.Object, java.lang.Object, long)'> (0x0000000606e38f30) 
thrown [s\open\src\hotspot\share\interpreter\linkResolver.cpp, line 774]
Event: 6.647 Thread 0x000001ee55d90260 Exception <a 'java/lang/NoSuchMethodError'{0x0000000623916368}: 'java.lang.Object java.lang.invoke.DirectMethodHandle$Holder.invokeInterface(java.lang.Object, java.lang.Object, java.lang.Object, java.lang.Object)'> (0x0000000623916368) 
thrown [s\open\src\hotspot\share\interpreter\linkResolver.cpp, line 774]
Event: 6.785 Thread 0x000001ee55d90260 Exception <a 'java/lang/IncompatibleClassChangeError'{0x00000006075e3df0}: Found class java.lang.Object, but interface was expected> (0x00000006075e3df0) 
thrown [s\open\src\hotspot\share\interpreter\linkResolver.cpp, line 841]
Event: 6.864 Thread 0x000001ee55d90260 Exception <a 'java/lang/NoSuchMethodError'{0x00000006073df288}: 'int java.lang.invoke.DirectMethodHandle$Holder.invokeStaticInit(java.lang.Object, java.lang.Object, java.lang.Object, java.lang.Object)'> (0x00000006073df288) 
thrown [s\open\src\hotspot\share\interpreter\linkResolver.cpp, line 774]
Event: 6.912 Thread 0x000001ee55d90260 Exception <a 'java/lang/NoSuchMethodError'{0x0000000606fd6fc8}: 'java.lang.Object java.lang.invoke.DirectMethodHandle$Holder.invokeVirtual(java.lang.Object, java.lang.Object, java.lang.Object, java.lang.Object, java.lang.Object, java.lang.Object, java.lang.Object, java.lang.Object, java.lang.Object)'> (0x0000000606fd6fc8) 
thrown [s\open\src\hotspot\share\interpreter\linkResolver.cpp, line 774]

ZGC Phase Switch (0 events):
No events

VM Operations (20 events):
Event: 6.452 Executing VM operation: HandshakeAllThreads (Deoptimize) done
Event: 6.472 Executing VM operation: HandshakeAllThreads (Deoptimize)
Event: 6.472 Executing VM operation: HandshakeAllThreads (Deoptimize) done
Event: 6.477 Executing VM operation: HandshakeAllThreads (Deoptimize)
Event: 6.477 Executing VM operation: HandshakeAllThreads (Deoptimize) done
Event: 6.606 Executing VM operation: HandshakeAllThreads (Deoptimize)
Event: 6.606 Executing VM operation: HandshakeAllThreads (Deoptimize) done
Event: 6.629 Executing VM operation: G1CollectForAllocation (G1 Evacuation Pause)
Event: 6.633 Executing VM operation: G1CollectForAllocation (G1 Evacuation Pause) done
Event: 6.671 Executing VM operation: HandshakeAllThreads (Deoptimize)
Event: 6.671 Executing VM operation: HandshakeAllThreads (Deoptimize) done
Event: 6.697 Executing VM operation: HandshakeAllThreads (Deoptimize)
Event: 6.697 Executing VM operation: HandshakeAllThreads (Deoptimize) done
Event: 6.715 Executing VM operation: HandshakeAllThreads (Deoptimize)
Event: 6.715 Executing VM operation: HandshakeAllThreads (Deoptimize) done
Event: 6.715 Executing VM operation: HandshakeAllThreads (Deoptimize)
Event: 6.716 Executing VM operation: HandshakeAllThreads (Deoptimize) done
Event: 6.832 Executing VM operation: HandshakeAllThreads (Deoptimize)
Event: 6.832 Executing VM operation: HandshakeAllThreads (Deoptimize) done
Event: 6.912 Executing VM operation: G1CollectForAllocation (G1 Evacuation Pause)

Events (20 events):
Event: 5.678 Thread 0x000001ee6d6786b0 flushing nmethod 0x000001ee601fda10
Event: 5.678 Thread 0x000001ee6d6786b0 flushing nmethod 0x000001ee60210a10
Event: 5.678 Thread 0x000001ee6d6786b0 flushing nmethod 0x000001ee602f5290
Event: 5.678 Thread 0x000001ee6d6786b0 flushing nmethod 0x000001ee6014ba90
Event: 5.678 Thread 0x000001ee6d6786b0 flushing nmethod 0x000001ee60154890
Event: 5.678 Thread 0x000001ee6d6786b0 flushing nmethod 0x000001ee601dba10
Event: 5.678 Thread 0x000001ee6d6786b0 flushing nmethod 0x000001ee60294d90
Event: 5.678 Thread 0x000001ee6d6786b0 flushing nmethod 0x000001ee5fe10190
Event: 5.678 Thread 0x000001ee6d6786b0 flushing nmethod 0x000001ee5fe95c90
Event: 5.678 Thread 0x000001ee6d6786b0 flushing nmethod 0x000001ee5ff5b490
Event: 5.678 Thread 0x000001ee6d6786b0 flushing nmethod 0x000001ee601a1c90
Event: 5.678 Thread 0x000001ee6d6786b0 flushing nmethod 0x000001ee60219d90
Event: 5.678 Thread 0x000001ee6d6786b0 flushing nmethod 0x000001ee60241690
Event: 5.678 Thread 0x000001ee6d6786b0 flushing nmethod 0x000001ee60241f90
Event: 5.678 Thread 0x000001ee6d6786b0 flushing nmethod 0x000001ee60305490
Event: 5.679 Thread 0x000001ee6d6786b0 flushing nmethod 0x000001ee5fe78590
Event: 5.679 Thread 0x000001ee6d6786b0 flushing nmethod 0x000001ee6013e490
Event: 5.679 Thread 0x000001ee6d6786b0 flushing nmethod 0x000001ee601bf110
Event: 5.679 Thread 0x000001ee6d6786b0 flushing nmethod 0x000001ee602c6b10
Event: 5.679 Thread 0x000001ee6d6786b0 flushing nmethod 0x000001ee60355c10


Dynamic libraries:
0x00007ff64bed0000 - 0x00007ff64bede000 	C:\Users\rvnet\.jdks\openjdk-22.0.1\bin\java.exe
0x00007ff8e72a0000 - 0x00007ff8e7507000 	C:\WINDOWS\SYSTEM32\ntdll.dll
0x00007ff8e50a0000 - 0x00007ff8e5169000 	C:\WINDOWS\System32\KERNEL32.DLL
0x00007ff8e3eb0000 - 0x00007ff8e42a1000 	C:\WINDOWS\System32\KERNELBASE.dll
0x00007ff8e3d60000 - 0x00007ff8e3eab000 	C:\WINDOWS\System32\ucrtbase.dll
0x00007ff8e1f30000 - 0x00007ff8e1f4b000 	C:\Users\rvnet\.jdks\openjdk-22.0.1\bin\VCRUNTIME140.dll
0x00007ff8e1280000 - 0x00007ff8e1297000 	C:\Users\rvnet\.jdks\openjdk-22.0.1\bin\jli.dll
0x00007ff8e6000000 - 0x00007ff8e61c5000 	C:\WINDOWS\System32\USER32.dll
0x00007ff8ccc40000 - 0x00007ff8cced3000 	C:\WINDOWS\WinSxS\amd64_microsoft.windows.common-controls_6595b64144ccf1df_6.0.26100.7922_none_3e089e1ee3342171\COMCTL32.dll
0x00007ff8e4340000 - 0x00007ff8e4367000 	C:\WINDOWS\System32\win32u.dll
0x00007ff8e5ed0000 - 0x00007ff8e5f79000 	C:\WINDOWS\System32\msvcrt.dll
0x00007ff8e61d0000 - 0x00007ff8e61fb000 	C:\WINDOWS\System32\GDI32.dll
0x00007ff8e3b80000 - 0x00007ff8e3caa000 	C:\WINDOWS\System32\gdi32full.dll
0x00007ff8e44f0000 - 0x00007ff8e4593000 	C:\WINDOWS\System32\msvcp_win.dll
0x00007ff8e7200000 - 0x00007ff8e7231000 	C:\WINDOWS\System32\IMM32.DLL
0x00007ff8e1f20000 - 0x00007ff8e1f2c000 	C:\Users\rvnet\.jdks\openjdk-22.0.1\bin\vcruntime140_1.dll
0x00007ff8df210000 - 0x00007ff8df29e000 	C:\Users\rvnet\.jdks\openjdk-22.0.1\bin\msvcp140.dll
0x00007ff8b5560000 - 0x00007ff8b62a7000 	C:\Users\rvnet\.jdks\openjdk-22.0.1\bin\server\jvm.dll
0x00007ff8e5bd0000 - 0x00007ff8e5c8b000 	C:\WINDOWS\System32\ADVAPI32.dll
0x00007ff8e5d90000 - 0x00007ff8e5e37000 	C:\WINDOWS\System32\sechost.dll
0x00007ff8e5170000 - 0x00007ff8e5288000 	C:\WINDOWS\System32\RPCRT4.dll
0x00007ff8e57f0000 - 0x00007ff8e5864000 	C:\WINDOWS\System32\WS2_32.dll
0x00007ff8e3830000 - 0x00007ff8e388e000 	C:\WINDOWS\SYSTEM32\POWRPROF.dll
0x00007ff8d33f0000 - 0x00007ff8d3425000 	C:\WINDOWS\SYSTEM32\WINMM.dll
0x00007ff8db860000 - 0x00007ff8db86b000 	C:\WINDOWS\SYSTEM32\VERSION.dll
0x00007ff8e3810000 - 0x00007ff8e3824000 	C:\WINDOWS\SYSTEM32\UMPDC.dll
0x00007ff8e28d0000 - 0x00007ff8e28eb000 	C:\WINDOWS\SYSTEM32\kernel.appcore.dll
0x00007ff8e1200000 - 0x00007ff8e120a000 	C:\Users\rvnet\.jdks\openjdk-22.0.1\bin\jimage.dll
0x00007ff8d8540000 - 0x00007ff8d8782000 	C:\WINDOWS\SYSTEM32\DBGHELP.DLL
0x00007ff8e53a0000 - 0x00007ff8e5722000 	C:\WINDOWS\System32\combase.dll
0x00007ff8e5ae0000 - 0x00007ff8e5bb7000 	C:\WINDOWS\System32\OLEAUT32.dll
0x00007ff8c8270000 - 0x00007ff8c82ab000 	C:\WINDOWS\SYSTEM32\dbgcore.DLL
0x00007ff8e3cb0000 - 0x00007ff8e3d55000 	C:\WINDOWS\System32\bcryptPrimitives.dll
0x00007ff8df1b0000 - 0x00007ff8df1bf000 	C:\Users\rvnet\.jdks\openjdk-22.0.1\bin\instrument.dll
0x00007ff8df1f0000 - 0x00007ff8df20e000 	C:\Users\rvnet\.jdks\openjdk-22.0.1\bin\java.dll
0x00007ff8e6200000 - 0x00007ff8e695f000 	C:\WINDOWS\System32\SHELL32.dll
0x00007ff8e4e10000 - 0x00007ff8e4f7a000 	C:\WINDOWS\System32\wintypes.dll
0x00007ff8e6bd0000 - 0x00007ff8e6d65000 	C:\WINDOWS\System32\ole32.dll
0x00007ff8e45a0000 - 0x00007ff8e4e04000 	C:\WINDOWS\System32\windows.storage.dll
0x00007ff8e5c90000 - 0x00007ff8e5d87000 	C:\WINDOWS\System32\SHCORE.dll
0x00007ff8e5f90000 - 0x00007ff8e5ff7000 	C:\WINDOWS\System32\shlwapi.dll
0x00007ff8e3aa0000 - 0x00007ff8e3ac9000 	C:\WINDOWS\SYSTEM32\profapi.dll
0x00007ff8df160000 - 0x00007ff8df177000 	C:\Users\rvnet\.jdks\openjdk-22.0.1\bin\zip.dll
0x00007ff8df1c0000 - 0x00007ff8df1d0000 	C:\Users\rvnet\.jdks\openjdk-22.0.1\bin\net.dll
0x00007ff8e2e20000 - 0x00007ff8e2e8b000 	C:\WINDOWS\system32\mswsock.dll
0x00007ff8df180000 - 0x00007ff8df196000 	C:\Users\rvnet\.jdks\openjdk-22.0.1\bin\nio.dll
0x00007ff8df140000 - 0x00007ff8df149000 	C:\Users\rvnet\.jdks\openjdk-22.0.1\bin\extnet.dll
0x00007ff8e21e0000 - 0x00007ff8e2213000 	C:\WINDOWS\SYSTEM32\IPHLPAPI.DLL
0x00007ff8e5e40000 - 0x00007ff8e5e4a000 	C:\WINDOWS\System32\NSI.dll
0x00007ff8e2350000 - 0x00007ff8e247a000 	C:\WINDOWS\SYSTEM32\DNSAPI.dll
0x00007ff8db010000 - 0x00007ff8db01b000 	C:\Windows\System32\rasadhlp.dll
0x00007ff8db420000 - 0x00007ff8db4a6000 	C:\WINDOWS\System32\fwpuclnt.dll
0x00007ff8df150000 - 0x00007ff8df15e000 	C:\Users\rvnet\.jdks\openjdk-22.0.1\bin\sunmscapi.dll
0x00007ff8e4370000 - 0x00007ff8e44e7000 	C:\WINDOWS\System32\CRYPT32.dll
0x00007ff8e33f0000 - 0x00007ff8e3420000 	C:\WINDOWS\SYSTEM32\ncrypt.dll
0x00007ff8e33a0000 - 0x00007ff8e33df000 	C:\WINDOWS\SYSTEM32\NTASN1.dll
0x00007ff8e3220000 - 0x00007ff8e323b000 	C:\WINDOWS\SYSTEM32\CRYPTSP.dll
0x00007ff8e2830000 - 0x00007ff8e2869000 	C:\WINDOWS\system32\rsaenh.dll
0x00007ff8e2ed0000 - 0x00007ff8e2f02000 	C:\WINDOWS\SYSTEM32\USERENV.dll
0x00007ff8e3a70000 - 0x00007ff8e3a9a000 	C:\WINDOWS\SYSTEM32\bcrypt.dll
0x00007ff8e3200000 - 0x00007ff8e320c000 	C:\WINDOWS\SYSTEM32\CRYPTBASE.dll
0x00007ff8defb0000 - 0x00007ff8defba000 	C:\Users\rvnet\.jdks\openjdk-22.0.1\bin\management.dll
0x00007ff8dd940000 - 0x00007ff8dd94b000 	C:\Users\rvnet\.jdks\openjdk-22.0.1\bin\management_ext.dll
0x00007ff8e5bc0000 - 0x00007ff8e5bc8000 	C:\WINDOWS\System32\PSAPI.DLL
0x00007ff8dd980000 - 0x00007ff8dd990000 	C:\Users\rvnet\.jdks\openjdk-22.0.1\bin\verify.dll

dbghelp: loaded successfully - version: 4.0.5 - missing functions: none
symbol engine: initialized successfully - sym options: 0x614 - pdb path: .;C:\Users\rvnet\.jdks\openjdk-22.0.1\bin;C:\WINDOWS\SYSTEM32;C:\WINDOWS\WinSxS\amd64_microsoft.windows.common-controls_6595b64144ccf1df_6.0.26100.7922_none_3e089e1ee3342171;C:\Users\rvnet\.jdks\openjdk-22.0.1\bin\server

VM Arguments:
jvm_args: -XX:TieredStopAtLevel=1 -Dspring.output.ansi.enabled=always -javaagent:C:\Program Files\JetBrains\IntelliJ IDEA Community Edition 2023.3.4\lib\idea_rt.jar=57251 -Dfile.encoding=UTF-8 -Dsun.stdout.encoding=UTF-8 -Dsun.stderr.encoding=UTF-8 
java_command: com.rvneto.broker.order.BrokerOrderApplication
java_class_path (initial): C:\Developer\Projetos\finance\broker-order-api\target\classes;C:\Users\rvnet\.m2\repository\org\springframework\boot\spring-boot-starter-web\3.3.5\spring-boot-starter-web-3.3.5.jar;C:\Users\rvnet\.m2\repository\org\springframework\boot\spring-boot-starter\3.3.5\spring-boot-starter-3.3.5.jar;C:\Users\rvnet\.m2\repository\org\springframework\boot\spring-boot\3.3.5\spring-boot-3.3.5.jar;C:\Users\rvnet\.m2\repository\org\springframework\boot\spring-boot-autoconfigure\3.3.5\spring-boot-autoconfigure-3.3.5.jar;C:\Users\rvnet\.m2\repository\org\springframework\boot\spring-boot-starter-logging\3.3.5\spring-boot-starter-logging-3.3.5.jar;C:\Users\rvnet\.m2\repository\ch\qos\logback\logback-classic\1.5.11\logback-classic-1.5.11.jar;C:\Users\rvnet\.m2\repository\ch\qos\logback\logback-core\1.5.11\logback-core-1.5.11.jar;C:\Users\rvnet\.m2\repository\org\apache\logging\log4j\log4j-to-slf4j\2.23.1\log4j-to-slf4j-2.23.1.jar;C:\Users\rvnet\.m2\repository\org\apache\logging\log4j\log4j-api\2.23.1\log4j-api-2.23.1.jar;C:\Users\rvnet\.m2\repository\org\slf4j\jul-to-slf4j\2.0.16\jul-to-slf4j-2.0.16.jar;C:\Users\rvnet\.m2\repository\jakarta\annotation\jakarta.annotation-api\2.1.1\jakarta.annotation-api-2.1.1.jar;C:\Users\rvnet\.m2\repository\org\springframework\spring-core\6.1.14\spring-core-6.1.14.jar;C:\Users\rvnet\.m2\repository\org\springframework\spring-jcl\6.1.14\spring-jcl-6.1.14.jar;C:\Users\rvnet\.m2\repository\org\yaml\snakeyaml\2.2\snakeyaml-2.2.jar;C:\Users\rvnet\.m2\repository\org\springframework\boot\spring-boot-starter-json\3.3.5\spring-boot-starter-json-3.3.5.jar;C:\Users\rvnet\.m2\repository\com\fasterxml\jackson\core\jackson-databind\2.17.2\jackson-databind-2.17.2.jar;C:\Users\rvnet\.m2\repository\com\fasterxml\jackson\core\jackson-annotations\2.17.2\jackson-annotations-2.17.2.jar;C:\Users\rvnet\.m2\repository\com\fasterxml\jackson\datatype\jackson-datatype-jdk8\2.17.2\jackson-datatype-jdk8-2.17.2.jar;C:\Users\rvnet\.m2\repository\com\fasterxml\jackson\datatype\jackson-datatype-jsr310\2.17.2\jackson-datatype-jsr310-2.17.2.jar;C:\Users\rvnet\.m2\repository\com\fasterxml\jackson\module\jackson-module-parameter-names\2.17.2\jackson-module-parameter-names-2.17.2.jar;C:\Users\rvnet\.m2\repository\org\springframework\boot\spring-boot-starter-tomcat\3.3.5\spring-boot-starter-tomcat-3.3.5.jar;C:\Users\rvnet\.m2\repository\org\apache\tomcat\embed\tomcat-embed-core\10.1.31\tomcat-embed-core-10.1.31.jar;C:\Users\rvnet\.m2\repository\org\apache\tomcat\embed\tomcat-embed-websocket\10.1.31\tomcat-embed-websocket-10.1.31.jar;C:\Users\rvnet\.m2\repository\org\springframework\spring-web\6.1.14\spring-web-6.1.14.jar;C:\Users\rvnet\.m2\repository\org\springframework\spring-beans\6.1.14\spring-beans-6.1.14.jar;C:\Users\rvnet\.m2\repository\org\springframework\spring-webmvc\6.1.14\spring-webmvc-6.1.14.jar;C:\Users\rvnet\.m2\repository\org\springframework\spring-aop\6.1.14\spring-aop-6.1.14.jar;C:\Users\rvnet\.m2\repository\org\springframework\spring-expression\6.1.14\spring-expression-6.1.14.jar;C:\Users\rvnet\.m2\repository\org\springframework\boot\spring-boot-starter-validation\3.3.5\spring-boot-starter-validation-3.3.5.jar;C:\Users\rvnet\.m2\repository\org\apache\tomcat\embed\tomcat-embed-el\10.1.31\tomcat-embed-el-10.1.31.jar;C:\Users\rvnet\.m2\repository\org\hibernate\validator\hibernate-validator\8.0.1.Final\hibernate-validator-8.0.1.Final.jar;C:\Users\rvnet\.m2\repository\jakarta\validation\jakarta.validation-api\3.0.2\jakarta.validation-api-3.0.2.jar;C:\Users\rvnet\.m2\repository\org\jboss\logging\jboss-logging\3.5.3.Final\jboss-logging-3.5.3.Final.jar;C:\Users\rvnet\.m2\repository\com\fasterxml\classmate\1.7.0\classmate-1.7.0.jar;C:\Users\rvnet\.m2\repository\org\springframework\boot\spring-boot-starter-data-jpa\3.3.5\spring-boot-starter-data-jpa-3.3.5.jar;C:\Users\rvnet\.m2\repository\org\springframework\boot\spring-boot-starter-aop\3.3.5\spring-boot-starter-aop-3.3.5.jar;C:\Users\rvnet\.m2\repository\org\aspectj\aspectjweaver\1.9.22.1\aspectjweaver-1.9.22.1.jar;C:\Users\rvnet\.m2\repository\org\springframework\boot\spring-boot-starter-jdbc\3.3.5\spring-boot-starter-jdbc-3.3.5.jar;C:\Users\rvnet\.m2\repository\com\zaxxer\HikariCP\5.1.0\HikariCP-5.1.0.jar;C:\Users\rvnet\.m2\repository\org\springframework\spring-jdbc\6.1.14\spring-jdbc-6.1.14.jar;C:\Users\rvnet\.m2\repository\org\hibernate\orm\hibernate-core\6.5.3.Final\hibernate-core-6.5.3.Final.jar;C:\Users\rvnet\.m2\repository\jakarta\persistence\jakarta.persistence-api\3.1.0\jakarta.persistence-api-3.1.0.jar;C:\Users\rvnet\.m2\repository\jakarta\transaction\jakarta.transaction-api\2.0.1\jakarta.transaction-api-2.0.1.jar;C:\Users\rvnet\.m2\repository\org\hibernate\common\hibernate-commons-annotations\6.0.6.Final\hibernate-commons-annotations-6.0.6.Final.jar;C:\Users\rvnet\.m2\repository\io\smallrye\jandex\3.1.2\jandex-3.1.2.jar;C:\Users\rvnet\.m2\repository\net\bytebuddy\byte-buddy\1.14.19\byte-buddy-1.14.19.jar;C:\Users\rvnet\.m2\repository\jakarta\xml\bind\jakarta.xml.bind-api\4.0.2\jakarta.xml.bind-api-4.0.2.jar;C:\Users\rvnet\.m2\repository\jakarta\activation\jakarta.activation-api\2.1.3\jakarta.activation-api-2.1.3.jar;C:\Users\rvnet\.m2\repository\org\glassfish\jaxb\jaxb-runtime\4.0.5\jaxb-runtime-4.0.5.jar;C:\Users\rvnet\.m2\repository\org\glassfish\jaxb\jaxb-core\4.0.5\jaxb-core-4.0.5.jar;C:\Users\rvnet\.m2\repository\org\eclipse\angus\angus-activation\2.0.2\angus-activation-2.0.2.jar;C:\Users\rvnet\.m2\repository\org\glassfish\jaxb\txw2\4.0.5\txw2-4.0.5.jar;C:\Users\rvnet\.m2\repository\com\sun\istack\istack-commons-runtime\4.1.2\istack-commons-runtime-4.1.2.jar;C:\Users\rvnet\.m2\repository\jakarta\inject\jakarta.inject-api\2.0.1\jakarta.inject-api-2.0.1.jar;C:\Users\rvnet\.m2\repository\org\antlr\antlr4-runtime\4.13.0\antlr4-runtime-4.13.0.jar;C:\Users\rvnet\.m2\repository\org\springframework\data\spring-data-jpa\3.3.5\spring-data-jpa-3.3.5.jar;C:\Users\rvnet\.m2\repository\org\springframework\data\spring-data-commons\3.3.5\spring-data-commons-3.3.5.jar;C:\Users\rvnet\.m2\repository\org\springframework\spring-orm\6.1.14\spring-orm-6.1.14.jar;C:\Users\rvnet\.m2\repository\org\slf4j\slf4j-api\2.0.16\slf4j-api-2.0.16.jar;C:\Users\rvnet\.m2\repository\org\springframework\spring-aspects\6.1.14\spring-aspects-6.1.14.jar;C:\Users\rvnet\.m2\repository\com\mysql\mysql-connector-j\8.3.0\mysql-connector-j-8.3.0.jar;C:\Users\rvnet\.m2\repository\org\flywaydb\flyway-core\10.10.0\flyway-core-10.10.0.jar;C:\Users\rvnet\.m2\repository\com\fasterxml\jackson\dataformat\jackson-dataformat-toml\2.17.2\jackson-dataformat-toml-2.17.2.jar;C:\Users\rvnet\.m2\repository\com\fasterxml\jackson\core\jackson-core\2.17.2\jackson-core-2.17.2.jar;C:\Users\rvnet\.m2\repository\com\google\code\gson\gson\2.10.1\gson-2.10.1.jar;C:\Users\rvnet\.m2\repository\org\flywaydb\flyway-mysql\10.10.0\flyway-mysql-10.10.0.jar;C:\Users\rvnet\.m2\repository\org\springframework\cloud\spring-cloud-starter-openfeign\4.1.3\spring-cloud-starter-openfeign-4.1.3.jar;C:\Users\rvnet\.m2\repository\org\springframework\cloud\spring-cloud-starter\4.1.4\spring-cloud-starter-4.1.4.jar;C:\Users\rvnet\.m2\repository\org\springframework\cloud\spring-cloud-context\4.1.4\spring-cloud-context-4.1.4.jar;C:\Users\rvnet\.m2\repository\org\springframework\security\spring-security-rsa\1.1.3\spring-security-rsa-1.1.3.jar;C:\Users\rvnet\.m2\repository\org\bouncycastle\bcprov-jdk18on\1.78\bcprov-jdk18on-1.78.jar;C:\Users\rvnet\.m2\repository\org\springframework\cloud\spring-cloud-openfeign-core\4.1.3\spring-cloud-openfeign-core-4.1.3.jar;C:\Users\rvnet\.m2\repository\io\github\openfeign\form\feign-form-spring\3.8.0\feign-form-spring-3.8.0.jar;C:\Users\rvnet\.m2\repository\io\github\openfeign\form\feign-form\3.8.0\feign-form-3.8.0.jar;C:\Users\rvnet\.m2\repository\commons-fileupload\commons-fileupload\1.5\commons-fileupload-1.5.jar;C:\Users\rvnet\.m2\repository\commons-io\commons-io\2.11.0\commons-io-2.11.0.jar;C:\Users\rvnet\.m2\repository\org\springframework\cloud\spring-cloud-commons\4.1.4\spring-cloud-commons-4.1.4.jar;C:\Users\rvnet\.m2\repository\org\springframework\security\spring-security-crypto\6.3.4\spring-security-crypto-6.3.4.jar;C:\Users\rvnet\.m2\repository\io\github\openfeign\feign-core\13.3\feign-core-13.3.jar;C:\Users\rvnet\.m2\repository\io\github\openfeign\feign-slf4j\13.3\feign-slf4j-13.3.jar;C:\Users\rvnet\.m2\repository\org\springframework\kafka\spring-kafka\3.2.4\spring-kafka-3.2.4.jar;C:\Users\rvnet\.m2\repository\org\springframework\spring-context\6.1.14\spring-context-6.1.14.jar;C:\Users\rvnet\.m2\repository\org\springframework\spring-messaging\6.1.14\spring-messaging-6.1.14.jar;C:\Users\rvnet\.m2\repository\org\springframework\spring-tx\6.1.14\spring-tx-6.1.14.jar;C:\Users\rvnet\.m2\repository\org\springframework\retry\spring-retry\2.0.10\spring-retry-2.0.10.jar;C:\Users\rvnet\.m2\repository\org\apache\kafka\kafka-clients\3.7.1\kafka-clients-3.7.1.jar;C:\Users\rvnet\.m2\repository\com\github\luben\zstd-jni\1.5.6-3\zstd-jni-1.5.6-3.jar;C:\Users\rvnet\.m2\repository\org\lz4\lz4-java\1.8.0\lz4-java-1.8.0.jar;C:\Users\rvnet\.m2\repository\org\xerial\snappy\snappy-java\1.1.10.5\snappy-java-1.1.10.5.jar;C:\Users\rvnet\.m2\repository\io\micrometer\micrometer-observation\1.13.6\micrometer-observation-1.13.6.jar;C:\Users\rvnet\.m2\repository\io\micrometer\micrometer-commons\1.13.6\micrometer-commons-1.13.6.jar;C:\Users\rvnet\.m2\repository\org\springframework\boot\spring-boot-starter-amqp\3.3.5\spring-boot-starter-amqp-3.3.5.jar;C:\Users\rvnet\.m2\repository\org\springframework\amqp\spring-rabbit\3.1.7\spring-rabbit-3.1.7.jar;C:\Users\rvnet\.m2\repository\org\springframework\amqp\spring-amqp\3.1.7\spring-amqp-3.1.7.jar;C:\Users\rvnet\.m2\repository\com\rabbitmq\amqp-client\5.21.0\amqp-client-5.21.0.jar;C:\Users\rvnet\.m2\repository\org\springdoc\springdoc-openapi-starter-webmvc-ui\2.3.0\springdoc-openapi-starter-webmvc-ui-2.3.0.jar;C:\Users\rvnet\.m2\repository\org\springdoc\springdoc-openapi-starter-webmvc-api\2.3.0\springdoc-openapi-starter-webmvc-api-2.3.0.jar;C:\Users\rvnet\.m2\repository\org\springdoc\springdoc-openapi-starter-common\2.3.0\springdoc-openapi-starter-common-2.3.0.jar;C:\Users\rvnet\.m2\repository\io\swagger\core\v3\swagger-core-jakarta\2.2.19\swagger-core-jakarta-2.2.19.jar;C:\Users\rvnet\.m2\repository\org\apache\commons\commons-lang3\3.14.0\commons-lang3-3.14.0.jar;C:\Users\rvnet\.m2\repository\io\swagger\core\v3\swagger-annotations-jakarta\2.2.19\swagger-annotations-jakarta-2.2.19.jar;C:\Users\rvnet\.m2\repository\io\swagger\core\v3\swagger-models-jakarta\2.2.19\swagger-models-jakarta-2.2.19.jar;C:\Users\rvnet\.m2\repository\com\fasterxml\jackson\dataformat\jackson-dataformat-yaml\2.17.2\jackson-dataformat-yaml-2.17.2.jar;C:\Users\rvnet\.m2\repository\org\webjars\swagger-ui\5.10.3\swagger-ui-5.10.3.jar;C:\Users\rvnet\.m2\repository\org\projectlombok\lombok\1.18.34\lombok-1.18.34.jar
Launcher Type: SUN_STANDARD

[Global flags]
     intx CICompilerCount                          = 4                                         {product} {ergonomic}
     uint ConcGCThreads                            = 3                                         {product} {ergonomic}
     uint G1ConcRefinementThreads                  = 10                                        {product} {ergonomic}
   size_t G1HeapRegionSize                         = 4194304                                   {product} {ergonomic}
   size_t InitialHeapSize                          = 532676608                                 {product} {ergonomic}
   size_t MarkStackSize                            = 4194304                                   {product} {ergonomic}
   size_t MaxHeapSize                              = 8522825728                                {product} {ergonomic}
   size_t MaxNewSize                               = 5112856576                                {product} {ergonomic}
   size_t MinHeapDeltaBytes                        = 4194304                                   {product} {ergonomic}
   size_t MinHeapSize                              = 8388608                                   {product} {ergonomic}
    uintx NonNMethodCodeHeapSize                   = 4096                                   {pd product} {ergonomic}
    uintx NonProfiledCodeHeapSize                  = 0                                      {pd product} {ergonomic}
     bool ProfileInterpreter                       = false                                  {pd product} {command line}
    uintx ProfiledCodeHeapSize                     = 0                                      {pd product} {ergonomic}
   size_t SoftMaxHeapSize                          = 8522825728                             {manageable} {ergonomic}
     intx TieredStopAtLevel                        = 1                                         {product} {command line}
     bool UseCompressedOops                        = true                           {product lp64_product} {ergonomic}
     bool UseG1GC                                  = true                                      {product} {ergonomic}
     bool UseLargePagesIndividualAllocation        = false                                  {pd product} {ergonomic}

Logging:
Log output configuration:
 #0: stdout all=warning uptime,level,tags foldmultilines=false
 #1: stderr all=off uptime,level,tags foldmultilines=false

Environment Variables:
JAVA_HOME=C:\Program Files\Java\jdk-21
PATH=C:\Program Files\Microsoft\jdk-17.0.11.9-hotspot\bin;C:\Program Files\Common Files\Oracle\Java\javapath;C:\Program Files (x86)\Common Files\Oracle\Java\java8path;C:\Program Files (x86)\Common Files\Oracle\Java\javapath;C:\WINDOWS\system32;C:\WINDOWS;C:\WINDOWS\System32\Wbem;C:\WINDOWS\System32\WindowsPowerShell\v1.0\;C:\WINDOWS\System32\OpenSSH\;C:\Program Files\Java\jdk-21\bin;C:\Program Files\apache-maven-3.9.6\bin;C:\Program Files\MongoDB\Server\7.0\bin;C:\ProgramData\chocolatey\bin;C:\Android\Sdk\emulator;C:\Android\Sdk\tools;C:\Android\Sdk\tools\bin;C:\Android\Sdk\platform-tools;C:\Program Files\Amazon\AWSCLIV2\;C:\Users\rvnet\AppData\Roaming\Microsoft\Windows\Start Menu\Programs\Python 3.12;C:\Program Files\nodejs\;C:\Program Files\Git\cmd;C:\Program Files\Docker\Docker\resources\bin;C:\Users\rvnet\AppData\Local\Programs\Python\Python312\Scripts\;C:\Users\rvnet\AppData\Local\Programs\Python\Python312\;C:\WINDOWS\system32\config\systemprofile\AppData\Local\Microsoft\WindowsApps;C:\Users\rvnet\AppData\Local\Programs\Microsoft VS Code\bin;;C:\Users\rvnet\AppData\Local\Programs\Lens\resources\cli\bin;C:\Users\rvnet\AppData\Roaming\npm
USERNAME=rvnet
OS=Windows_NT
PROCESSOR_IDENTIFIER=Intel64 Family 6 Model 151 Stepping 5, GenuineIntel
TMP=C:\Users\rvnet\AppData\Local\Temp
TEMP=C:\Users\rvnet\AppData\Local\Temp




Periodic native trim disabled

---------------  S Y S T E M  ---------------

OS:
 Windows 11 , 64 bit Build 26100 (10.0.26100.7920)
OS uptime: 1 days 11:40 hours
Hyper-V role detected

CPU: total 12 (initial active 12) (6 cores per cpu, 2 threads per core) family 6 model 151 stepping 5 microcode 0x25, cx8, cmov, fxsr, ht, mmx, 3dnowpref, sse, sse2, sse3, ssse3, sse4.1, sse4.2, popcnt, lzcnt, tsc, tscinvbit, avx, avx2, aes, erms, clmul, bmi1, bmi2, adx, sha, fma, vzeroupper, clflush, clflushopt, clwb, hv, serialize, rdtscp, rdpid, fsrm, f16c, cet_ibt, cet_ss
Processor Information for all 12 processors :
  Max Mhz: 2500, Current Mhz: 2500, Mhz Limit: 2500

Memory: 4k page, system-wide physical 32509M (9217M free)
TotalPageFile size 32509M (AvailPageFile size 6M)
current process WorkingSet (physical memory assigned to process): 237M, peak: 237M
current process commit charge ("private bytes"): 278M, peak: 643M

vm_info: OpenJDK 64-Bit Server VM (22.0.1+8-16) for windows-amd64 JRE (22.0.1+8-16), built on 2024-03-12T10:33:16Z by "mach5one" with MS VC++ 17.6 (VS2022)

END.
